I'm sorry, but errors were detected in your script. Please correct the
errors listed below, and try again.


File "game/script.rpy", line 377: end of line expected.
    text 'ЖАЛКИЙ ЧЕЛОВЕК ДА КАК ТЫ ПОСМЕЛ ХОТЬ ПОДУМАТЬ ОБ ЭТОМ? ТВОИХ СИЛ НЕХВАТИТ ДАЖЕ НА КАСТ МАГИИ...' style "haha"
                                                                                                           ^

Ren'Py Version: Ren'Py 7.3.5.606
Sun Jun 28 10:37:18 2020
